// Jest Snapshot v1, https://goo.gl/fbAQLP

exports[`withVideo is rendered correctly 1`] = `
<div>
  <video
    height="100%"
    width="100%"
  />
</div>
`;
