// Jest Snapshot v1, https://goo.gl/fbAQLP

exports[`TestVideoComponent render Video component 1`] = `
<video
  height={175}
  width={280}
/>
`;
