// Jest Snapshot v1, https://goo.gl/fbAQLP

exports[`MoviesListTest render MoviesList 1`] = `
<div
  className="catalog__movies-list"
>
  <article
    className="small-movie-card catalog__movies-card"
    onMouseOver={[Function]}
  >
    <div
      className="small-movie-card__image"
    >
      <img
        alt="Aviator"
        height="175"
        src="img/aviator.jpg"
        width="280"
      />
    </div>
    <h3
      className="small-movie-card__title"
      onClick={[Function]}
    >
      <a
        className="small-movie-card__link"
        href="movie-page.html"
      >
        Aviator
      </a>
    </h3>
  </article>
  <article
    className="small-movie-card catalog__movies-card"
    onMouseOver={[Function]}
  >
    <div
      className="small-movie-card__image"
    >
      <img
        alt="Bohemian Rhapsody"
        height="175"
        src="img/bohemian-rhapsody.jpg"
        width="280"
      />
    </div>
    <h3
      className="small-movie-card__title"
      onClick={[Function]}
    >
      <a
        className="small-movie-card__link"
        href="movie-page.html"
      >
        Bohemian Rhapsody
      </a>
    </h3>
  </article>
  <article
    className="small-movie-card catalog__movies-card"
    onMouseOver={[Function]}
  >
    <div
      className="small-movie-card__image"
    >
      <img
        alt="Dardjeeling Limited"
        height="175"
        src="img/dardjeeling-limited.jpg"
        width="280"
      />
    </div>
    <h3
      className="small-movie-card__title"
      onClick={[Function]}
    >
      <a
        className="small-movie-card__link"
        href="movie-page.html"
      >
        Dardjeeling Limited
      </a>
    </h3>
  </article>
  <article
    className="small-movie-card catalog__movies-card"
    onMouseOver={[Function]}
  >
    <div
      className="small-movie-card__image"
    >
      <img
        alt="Fantastic Beasts The Crimes Of Grindelwald"
        height="175"
        src="img/fantastic-beasts-the-crimes-of-grindelwald.jpg"
        width="280"
      />
    </div>
    <h3
      className="small-movie-card__title"
      onClick={[Function]}
    >
      <a
        className="small-movie-card__link"
        href="movie-page.html"
      >
        Fantastic Beasts The Crimes Of Grindelwald
      </a>
    </h3>
  </article>
  <article
    className="small-movie-card catalog__movies-card"
    onMouseOver={[Function]}
  >
    <div
      className="small-movie-card__image"
    >
      <img
        alt="Johnny English"
        height="175"
        src="img/johnny-english.jpg"
        width="280"
      />
    </div>
    <h3
      className="small-movie-card__title"
      onClick={[Function]}
    >
      <a
        className="small-movie-card__link"
        href="movie-page.html"
      >
        Johnny English
      </a>
    </h3>
  </article>
</div>
`;
