// Jest Snapshot v1, https://goo.gl/fbAQLP

exports[`ErrorMessageTest render ErrorMessage 1`] = `
<div
  className="error"
>
  <p>
    Не удалось загрузить список фильмов.
  </p>
  <p>
    Обратитесь в техподдержку, код ошибки: 
    <strong>
      404
    </strong>
  </p>
</div>
`;
