// Jest Snapshot v1, https://goo.gl/fbAQLP

exports[`withPlayer is rendered correctly 1`] = `
<video
  className="player__video"
/>
`;
